[backblue.gif]
[fade.gif]
[index.html]
[framerusercontent.com/images/vw2oOInbu1ZMsobqk0B1YKIWY.png]
[framerusercontent.com/images/NVnpoK5wbAjzkNj65aXdmOBEBY.png]
[framerusercontent.com/images/9hy07Q0KyXbonKZBNI7AgPfHMPI.png]
[framerusercontent.com/images/xhP94Uj857zKXdUDa6kcuHWsMbf23.png]
[lucasferrerportfolio.framer.website/index.html]
[framerusercontent.com/images/LDspon7ICLrSzRZa41Qad5vEc.png]
[framerusercontent.com/images/x7nYyKYsiAqYzRnpfhSk51ex40.jpg]
[framerusercontent.com/images/9dqJRd6olGE6H5RvIEtEauYz2Y.jpg]
[framerusercontent.com/images/65HUy3DFZeveauyvBUduBEJ3gg.png]
[framerusercontent.com/images/sC7sUrHdgRbITPGIZaoCyyQ7OgU.png]
[framerusercontent.com/images/jovIU0SlkK3P70X3QKMUajEfgw.png]
[framerusercontent.com/images/rh7UwblNLiAGYz21YZGmHcsnzw.png]
[framerusercontent.com/images/OWpxyefQyGfE2I8r5vTQVgoNpo.png]
[framerusercontent.com/images/CB7EA2FpenhChSA6VB3RRGIQRvE.png]
[framerusercontent.com/images/cQSgAnsgZOBuMnGnaQLLAcDXZc.png]
[lucasferrerportfolio.framer.website/_https_/player.vimeo.com/progressive_redirect/playback/932050712/rendition/1080p/file00e4.html]
[lucasferrerportfolio.framer.website/'https_/fonts.cdnfonts.com/css/neue-haas-grotesk-display-pro'.html]
